// Jest Snapshot v1, https://goo.gl/fbAQLP

exports[`Twitter unit snapshot snapshot 1`] = `
Object {
  "asFragment": [Function],
  "baseElement": <body>
    <div
      aria-hidden="true"
      data-aria-hidden="true"
    />
    <div
      class="chakra-portal"
    >
      <div
        aria-hidden="true"
        class="chakra-modal__overlay css-13d1tkw"
        data-aria-hidden="true"
        style="opacity: 0;"
      />
      <div
        aria-hidden="true"
        data-aria-hidden="true"
        data-focus-guard="true"
        style="width: 1px; height: 0px; padding: 0px; overflow: hidden; position: fixed; top: 1px; left: 1px;"
        tabindex="0"
      />
      <div
        data-focus-lock-disabled="false"
      >
        <div
          class="chakra-modal__content-container css-1oxhx2p"
          tabindex="-1"
        >
          <section
            aria-describedby="chakra-modal--body-:r1:"
            aria-labelledby="chakra-modal--header-:r1:"
            aria-modal="true"
            class="chakra-modal__content css-xikv3d"
            id="chakra-modal-:r1:"
            role="dialog"
            style="opacity: 0; transform: translateX(0px) translateY(16px) translateZ(0);"
            tabindex="-1"
          >
            <header
              class="chakra-modal__header css-72fd9l"
              id="chakra-modal--header-:r1:"
            >
              <p
                class="chakra-text css-oh71vy"
              >
                VERIFICATION
              </p>
            </header>
            <button
              aria-label="Close"
              class="chakra-modal__close-btn css-1ylqxb2"
              type="button"
            >
              <svg
                aria-hidden="true"
                class="chakra-icon css-onkibi"
                focusable="false"
                viewBox="0 0 24 24"
              >
                <path
                  d="M.439,21.44a1.5,1.5,0,0,0,2.122,2.121L11.823,14.3a.25.25,0,0,1,.354,0l9.262,9.263a1.5,1.5,0,1,0,2.122-2.121L14.3,12.177a.25.25,0,0,1,0-.354l9.263-9.262A1.5,1.5,0,0,0,21.439.44L12.177,9.7a.25.25,0,0,1-.354,0L2.561.44A1.5,1.5,0,0,0,.439,2.561L9.7,11.823a.25.25,0,0,1,0,.354Z"
                  fill="currentColor"
                />
              </svg>
            </button>
            <div
              class="chakra-modal__body css-0"
              id="chakra-modal--body-:r1:"
            >
              <div
                class="chakra-stack css-chdadr"
              >
                <p
                  class="chakra-text css-1s2oizo"
                >
                  Generate your tweet
                </p>
                <p
                  class="chakra-text css-10jjrvo"
                >
                  Generate a unique tweet to help us connect your twitter to your account
                </p>
                <div
                  class="css-1hontid"
                >
                  <input
                    aria-readonly="true"
                    class="chakra-input css-5wizkk"
                    data-testid="twitter-input"
                    disabled=""
                    readonly=""
                    value=""
                  />
                  <button
                    class="chakra-button css-112drys"
                    type="button"
                  >
                    GENERATE
                  </button>
                  <button
                    class="chakra-button css-15mufsz"
                    disabled=""
                    type="button"
                  >
                    NEXT
                  </button>
                </div>
              </div>
            </div>
          </section>
        </div>
      </div>
      <div
        aria-hidden="true"
        data-aria-hidden="true"
        data-focus-guard="true"
        style="width: 1px; height: 0px; padding: 0px; overflow: hidden; position: fixed; top: 1px; left: 1px;"
        tabindex="0"
      />
    </div>
  </body>,
  "container": <div
    aria-hidden="true"
    data-aria-hidden="true"
  />,
  "debug": [Function],
  "findAllByAltText": [Function],
  "findAllByDisplayValue": [Function],
  "findAllByLabelText": [Function],
  "findAllByPlaceholderText": [Function],
  "findAllByRole": [Function],
  "findAllByTestId": [Function],
  "findAllByText": [Function],
  "findAllByTitle": [Function],
  "findByAltText": [Function],
  "findByDisplayValue": [Function],
  "findByLabelText": [Function],
  "findByPlaceholderText": [Function],
  "findByRole": [Function],
  "findByTestId": [Function],
  "findByText": [Function],
  "findByTitle": [Function],
  "getAllByAltText": [Function],
  "getAllByDisplayValue": [Function],
  "getAllByLabelText": [Function],
  "getAllByPlaceholderText": [Function],
  "getAllByRole": [Function],
  "getAllByTestId": [Function],
  "getAllByText": [Function],
  "getAllByTitle": [Function],
  "getByAltText": [Function],
  "getByDisplayValue": [Function],
  "getByLabelText": [Function],
  "getByPlaceholderText": [Function],
  "getByRole": [Function],
  "getByTestId": [Function],
  "getByText": [Function],
  "getByTitle": [Function],
  "queryAllByAltText": [Function],
  "queryAllByDisplayValue": [Function],
  "queryAllByLabelText": [Function],
  "queryAllByPlaceholderText": [Function],
  "queryAllByRole": [Function],
  "queryAllByTestId": [Function],
  "queryAllByText": [Function],
  "queryAllByTitle": [Function],
  "queryByAltText": [Function],
  "queryByDisplayValue": [Function],
  "queryByLabelText": [Function],
  "queryByPlaceholderText": [Function],
  "queryByRole": [Function],
  "queryByTestId": [Function],
  "queryByText": [Function],
  "queryByTitle": [Function],
  "rerender": [Function],
  "unmount": [Function],
}
`;
