// Jest Snapshot v1, https://goo.gl/fbAQLP

exports[`Explore Unit should render component properly 1`] = `"explore"`;
