// Jest Snapshot v1, https://goo.gl/fbAQLP

exports[`Landing Unit should render component properly 1`] = `null`;
